2026-07-03T19:25:11.679+05:30  INFO 4720 --- [repo-analyzer] [SpringApplicationShutdownHook] o.s.boot.tomcat.GracefulShutdown         : Commencing graceful shutdown. Waiting for active requests to complete
2026-07-03T19:25:11.739+05:30  INFO 4720 --- [repo-analyzer] [tomcat-shutdown] o.s.boot.tomcat.GracefulShutdown         : Graceful shutdown complete
2026-07-03T19:32:07.139+05:30  INFO 6580 --- [repo-analyzer] [restartedMain] c.h.r.RepoAnalyzerApplication            : Starting RepoAnalyzerApplication using Java 25.0.3 with PID 6580 (C:\Users\Admin\repo-analyzer\backend\target\classes started by Admin in C:\Users\Admin\repo-analyzer\backend)
2026-07-03T19:32:07.153+05:30  INFO 6580 --- [repo-analyzer] [restartedMain] c.h.r.RepoAnalyzerApplication            : No active profile set, falling back to 1 default profile: "default"
2026-07-03T19:32:07.326+05:30  INFO 6580 --- [repo-analyzer] [restartedMain] .e.DevToolsPropertyDefaultsPostProcessor : Devtools property defaults active! Set 'spring.devtools.add-properties' to 'false' to disable
2026-07-03T19:32:07.328+05:30  INFO 6580 --- [repo-analyzer] [restartedMain] .e.DevToolsPropertyDefaultsPostProcessor : For additional web related logging consider setting the 'logging.level.web' property to 'DEBUG'
2026-07-03T19:32:10.601+05:30  INFO 6580 --- [repo-analyzer] [restartedMain] .s.d.r.c.RepositoryConfigurationDelegate : Bootstrapping Spring Data JPA repositories in DEFAULT mode.
2026-07-03T19:32:10.745+05:30  INFO 6580 --- [repo-analyzer] [restartedMain] .s.d.r.c.RepositoryConfigurationDelegate : Finished Spring Data repository scanning in 120 ms. Found 4 JPA repository interfaces.
2026-07-03T19:32:12.872+05:30  INFO 6580 --- [repo-analyzer] [restartedMain] o.s.boot.tomcat.TomcatWebServer          : Tomcat initialized with port 8080 (http)
2026-07-03T19:32:12.915+05:30  INFO 6580 --- [repo-analyzer] [restartedMain] o.apache.catalina.core.StandardService   : Starting service [Tomcat]
2026-07-03T19:32:12.919+05:30  INFO 6580 --- [repo-analyzer] [restartedMain] o.apache.catalina.core.StandardEngine    : Starting Servlet engine: [Apache Tomcat/11.0.21]
2026-07-03T19:32:13.059+05:30  INFO 6580 --- [repo-analyzer] [restartedMain] b.w.c.s.WebApplicationContextInitializer : Root WebApplicationContext: initialization completed in 5721 ms
2026-07-03T19:32:13.652+05:30  INFO 6580 --- [repo-analyzer] [restartedMain] org.hibernate.orm.jpa                    : HHH008540: Processing PersistenceUnitInfo [name: default]
2026-07-03T19:32:13.828+05:30  INFO 6580 --- [repo-analyzer] [restartedMain] org.hibernate.orm.core                   : HHH000001: Hibernate ORM core version 7.2.12.Final
2026-07-03T19:32:15.786+05:30  INFO 6580 --- [repo-analyzer] [restartedMain] o.s.o.j.p.SpringPersistenceUnitInfo      : No LoadTimeWeaver setup: ignoring JPA class transformer
2026-07-03T19:32:15.909+05:30  INFO 6580 --- [repo-analyzer] [restartedMain] com.zaxxer.hikari.HikariDataSource       : HikariPool-1 - Starting...
2026-07-03T19:32:18.584+05:30  INFO 6580 --- [repo-analyzer] [restartedMain] com.zaxxer.hikari.pool.HikariPool        : HikariPool-1 - Added connection org.postgresql.jdbc.PgConnection@1d74a073
2026-07-03T19:32:18.595+05:30  INFO 6580 --- [repo-analyzer] [restartedMain] com.zaxxer.hikari.HikariDataSource       : HikariPool-1 - Start completed.
2026-07-03T19:32:19.592+05:30  INFO 6580 --- [repo-analyzer] [restartedMain] org.hibernate.orm.connections.pooling    : HHH10001005: Database info:
	Database JDBC URL [jdbc:postgresql://db.qjtghfgbgfbkbllbqqml.supabase.co:5432/postgres]
	Database driver: PostgreSQL JDBC Driver
	Database dialect: PostgreSQLDialect
	Database version: 17.6
	Default catalog/schema: postgres/public
	Autocommit mode: undefined/unknown
	Isolation level: READ_COMMITTED [default READ_COMMITTED]
	JDBC fetch size: none
	Pool: DataSourceConnectionProvider
	Minimum pool size: undefined/unknown
	Maximum pool size: undefined/unknown
2026-07-03T19:32:22.360+05:30  INFO 6580 --- [repo-analyzer] [restartedMain] org.hibernate.orm.core                   : HHH000489: No JTA platform available (set 'hibernate.transaction.jta.platform' to enable JTA platform integration)
2026-07-03T19:32:22.375+05:30  INFO 6580 --- [repo-analyzer] [restartedMain] org.hibernate.orm.jdbc.batch             : HHH100501: Automatic JDBC statement batching enabled (maximum batch size 50)
2026-07-03T19:32:23.768+05:30  INFO 6580 --- [repo-analyzer] [restartedMain] j.LocalContainerEntityManagerFactoryBean : Initialized JPA EntityManagerFactory for persistence unit 'default'
2026-07-03T19:32:24.106+05:30  INFO 6580 --- [repo-analyzer] [restartedMain] o.s.d.j.r.query.QueryEnhancerFactories   : Hibernate is in classpath; If applicable, HQL parser will be used.
2026-07-03T19:32:24.918+05:30  INFO 6580 --- [repo-analyzer] [restartedMain] eAuthenticationProviderManagerConfigurer : Global AuthenticationManager configured with AuthenticationProvider bean with name authenticationProvider
2026-07-03T19:32:24.921+05:30  WARN 6580 --- [repo-analyzer] [restartedMain] r$InitializeUserDetailsManagerConfigurer : Global AuthenticationManager configured with an AuthenticationProvider bean. UserDetailsService beans will not be used by Spring Security for automatically configuring username/password login. Consider removing the AuthenticationProvider bean. Alternatively, consider using the UserDetailsService in a manually instantiated DaoAuthenticationProvider. If the current configuration is intentional, to turn off this warning, increase the logging level of 'org.springframework.security.config.annotation.authentication.configuration.InitializeUserDetailsBeanManagerConfigurer' to ERROR
2026-07-03T19:32:25.996+05:30  WARN 6580 --- [repo-analyzer] [restartedMain] JpaBaseConfiguration$JpaWebConfiguration : spring.jpa.open-in-view is enabled by default. Therefore, database queries may be performed during view rendering. Explicitly configure spring.jpa.open-in-view to disable this warning
2026-07-03T19:32:27.638+05:30  INFO 6580 --- [repo-analyzer] [restartedMain] o.s.b.a.e.web.EndpointLinksResolver      : Exposing 1 endpoint beneath base path '/actuator'
2026-07-03T19:32:27.839+05:30  INFO 6580 --- [repo-analyzer] [restartedMain] o.s.boot.tomcat.TomcatWebServer          : Tomcat started on port 8080 (http) with context path '/'
2026-07-03T19:32:27.867+05:30  INFO 6580 --- [repo-analyzer] [restartedMain] c.h.r.RepoAnalyzerApplication            : Started RepoAnalyzerApplication in 22.343 seconds (process running for 24.538)
2026-07-03T19:32:28.122+05:30  WARN 6580 --- [repo-analyzer] [restartedMain] o.s.core.events.SpringDocAppInitializer  : SpringDoc /v3/api-docs endpoint is enabled by default. To disable it in production, set the property 'springdoc.api-docs.enabled=false'
2026-07-03T19:32:28.123+05:30  WARN 6580 --- [repo-analyzer] [restartedMain] o.s.core.events.SpringDocAppInitializer  : SpringDoc /swagger-ui.html endpoint is enabled by default. To disable it in production, set the property 'springdoc.swagger-ui.enabled=false'
2026-07-03T19:32:34.989+05:30  INFO 6580 --- [repo-analyzer] [http-nio-8080-exec-1] o.a.c.c.C.[Tomcat].[localhost].[/]       : Initializing Spring DispatcherServlet 'dispatcherServlet'
2026-07-03T19:32:34.991+05:30  INFO 6580 --- [repo-analyzer] [http-nio-8080-exec-1] o.s.web.servlet.DispatcherServlet        : Initializing Servlet 'dispatcherServlet'
2026-07-03T19:32:35.000+05:30  INFO 6580 --- [repo-analyzer] [http-nio-8080-exec-1] o.s.web.servlet.DispatcherServlet        : Completed initialization in 5 ms
2026-07-03T19:47:17.247+05:30  INFO 6580 --- [repo-analyzer] [task-1] org.hibernate.orm.jdbc.batch             : HHH100503: JDBC batch still contained JDBC statements on release
2026-07-03T19:47:17.264+05:30  WARN 6580 --- [repo-analyzer] [task-1] org.hibernate.orm.jdbc.error             : HHH000247: ErrorCode: 0, SQLState: 22021
2026-07-03T19:47:17.267+05:30  WARN 6580 --- [repo-analyzer] [task-1] org.hibernate.orm.jdbc.error             : Batch entry 0 insert into analyses (architecture_pattern,created_at,generated_readme,interview_questions,project_structure,repository_id,resume_bullets,summary,tech_stack,total_files,total_size_kb,id) values (('- **Architectural Pattern:** This project predominantly follows a Monolithic (or N-tier) architectural pattern, with a clearly separated frontend and backend within a single repository.
- **Strengths:**
    - Clear separation of concerns between frontend and backend. The `docs` folder indicates good intent for project documentation and planning.
    - Modern frontend development stack utilizing React, TypeScript, and Tailwind CSS, suggesting a strong focus on developer experience and UI quality.
    - Well-organized frontend with dedicated folders for API services, components, contexts, hooks, layouts, and routes, promoting maintainability and scalability.
    - Backend leverages Spring Boot and Maven, providing a robust and widely adopted framework for enterprise applications.
- **Missing Standard Elements:**
    - **Testing:** While `backend/src/test/java` exists, it appears empty, indicating a lack of established unit or integration tests for the backend. The frontend also lacks a dedicated testing directory or framework configuration.
    - **CI/CD:** No visible configuration files (e.g., `.github/workflows`, `Jenkinsfile`, `.gitlab-ci.yml`) for automated build, test, and deployment pipelines.
    - **Containerization:** The absence of Dockerfiles or container orchestration configurations suggests manual deployment or reliance on host-specific environments.
    - **API Contract Definition:** There are no OpenAPI/Swagger YAML or similar files to formally define the backend API contract, which can hinder client-server synchronization and external integrations.
    - **Database Migrations:** No explicit database migration tools (e.g., Flyway, Liquibase) are configured, implying schema changes might be handled manually or via `database-schema.md` directly.'),('2026-07-03 14:17:17.017374+00'),('# Repository Management Platform

## 1. Project Title & Description

This project is a full-stack web application designed to facilitate the management, analysis, and interaction with code repositories. It provides a user-friendly interface for browsing repositories, managing user profiles, and potentially includes features like chat and file uploads, all powered by a robust backend.

## 2. Architecture Overview

The application follows an N-tier architectural pattern, dividing responsibilities between a client-side frontend and a server-side backend.

*   **Frontend:** A modern single-page application (SPA) built with React and TypeScript, providing an interactive user interface. Styling is managed using Tailwind CSS, and routing is handled by TanStack Router. The frontend communicates with the backend via RESTful APIs.
*   **Backend:** A RESTful API server developed with Spring Boot (Java) that handles business logic, data persistence, and authentication. It serves data to the frontend and interacts with the PostgreSQL database.
*   **Database:** PostgreSQL is used as the primary relational database for storing all application data, including repository information, user data, and other application-specific entities.

## 3. Technologies Used

*   **Frontend:**
    *   TypeScript
    *   React
    *   Tailwind CSS
    *   Vite (Build Tool)
    *   TanStack Router
    *   NPM/Yarn/Bun (Package Management)
*   **Backend:**
    *   Java
    *   Spring Boot
    *   Maven (Build Tool)
*   **Database:**
    *   PostgreSQL
*   **Tools & Other:**
    *   ESLint (Linting)
    *   Prettier (Code Formatting)
    *   Git (Version Control)

## 4. Project Structure


📁 repo-analyzer-main
  📁 backend                # Spring Boot backend application
    📄 pom.xml              # Maven configuration
    📁 src                  # Backend source code
      📁 main
        📁 java             # Java source files
        📁 resources        # Configuration and static resources
  📁 docs                   # Project documentation (API, architecture, setup)
  📁 frontend2              # React/TypeScript frontend application
    📄 package.json         # NPM/Yarn dependencies and scripts
    📁 src                  # Frontend source code
      📁 api                # API client services
      📁 components         # Reusable UI components
      📁 contexts           # React Context API providers
      📁 hooks              # Custom React hooks
      📁 layouts            # Application layout components
      📁 lib                # Utility functions
      📁 routes             # Page-level route components
      📄 router.tsx         # Main router configuration
      📁 types              # TypeScript type definitions
    📄 vite.config.ts       # Vite build configuration
  📄 README.md


## 5. Getting Started

Follow these steps to set up and run the project locally.

### Prerequisites

*   Java Development Kit (JDK) 17 or higher
*   Maven
*   Node.js (LTS recommended) and npm/yarn/bun
*   PostgreSQL
*   Git

### 1. Clone the Repository

bash
git clone <repository-url>
cd repo-analyzer-main


### 2. Database Setup

1.  Ensure PostgreSQL is running.
2.  Create a new PostgreSQL database (e.g., `repo_analyzer_db`).
3.  Update the database connection details in `backend/.env` (or `backend/src/main/resources/application.properties` if used) to point to your new database.
    properties
    # Example .env or application.properties content
    SPRING_DATASOURCE_URL=jdbc:postgresql://localhost:5432/repo_analyzer_db
    SPRING_DATASOURCE_USERNAME=your_username
    SPRING_DATASOURCE_PASSWORD=your_password
    

### 3. Run the Backend

Navigate to the `backend` directory and start the Spring Boot application:

bash
cd backend
mvn clean install
mvn spring-boot:run
# Alternatively, use the Maven Wrapper:
# ./mvnw spring-boot:run


The backend will typically start on `http://localhost:8080`.

### 4. Run the Frontend

Navigate to the `frontend2` directory and install dependencies, then start the development server:

bash
cd frontend2
npm install # or yarn install or bun install
npm run dev # or yarn dev or bun dev


The frontend will typically start on `http://localhost:5173` (or another port as configured by Vite).'),('- Discuss the advantages and disadvantages of using TanStack Router for complex routing scenarios in your React application, especially concerning state management and data loading for deeply nested routes.
- Explain how you would implement robust error handling and logging across both the Spring Boot backend and the React/TypeScript frontend, particularly focusing on `error-capture.ts` and `lovable-error-reporting.ts`.
- Given the existing folder structure and `database-schema.md`, describe your approach to evolving the PostgreSQL database schema in a production environment, considering tools and strategies for migrations and data integrity.'),('📁 repo-analyzer-zip-640bc565-7f2c-4298-8f36-90f2784e51e5-3092059986843166765
📁 repo-analyzer-main
  📁 backend
    📄 .env
    📁 .mvn
      📁 wrapper
        📄 maven-wrapper.properties
    📄 mvnw
    📄 mvnw.cmd
    📄 pom.xml  '),('640bc565-7f2c-4298-8f36-90f2784e51e5'::uuid),('- Architected and developed a full-stack repository management platform using Spring Boot, React, and PostgreSQL, enhancing developer productivity and collaboration through structured code and comprehensive documentation.
- Implemented robust authentication, authorization, and dynamic routing within a TypeScript-based React frontend, improving user experience and application security for various user roles.
- Designed and integrated a RESTful API backend with Java Spring Boot and PostgreSQL, ensuring efficient data handling and scalability for repository data, user profiles, and real-time features.'),('This project delivers a full-stack web application designed for managing and interacting with code repositories, likely offering features like chat, user authentication, and file uploads. It employs a modern architecture separating a React/TypeScript frontend with Tailwind CSS from a Spring Boot Java backend, leveraging PostgreSQL as its persistent data store.'),('TechStackReport[languages=[TypeScript, Java, JavaScript], frameworks=[Spring Boot, Tailwind CSS, React], databases=[PostgreSQL], tools=[Maven, NPM/Yarn]]'),('145'::int4),('930'::int8),('82db8cc9-6679-45a7-b582-40b88b1aace8'::uuid)) was aborted: ERROR: invalid byte sequence for encoding "UTF8": 0x00
  Where: unnamed portal parameter $5  Call getNextException to see other errors in the batch.
2026-07-03T19:47:17.283+05:30  WARN 6580 --- [repo-analyzer] [task-1] org.hibernate.orm.jdbc.error             : HHH000247: ErrorCode: 0, SQLState: 22021
2026-07-03T19:47:17.295+05:30  WARN 6580 --- [repo-analyzer] [task-1] org.hibernate.orm.jdbc.error             : Batch entry 0 insert into analyses (architecture_pattern,created_at,generated_readme,interview_questions,project_structure,repository_id,resume_bullets,summary,tech_stack,total_files,total_size_kb,id) values (('- **Architectural Pattern:** This project predominantly follows a Monolithic (or N-tier) architectural pattern, with a clearly separated frontend and backend within a single repository.
- **Strengths:**
    - Clear separation of concerns between frontend and backend. The `docs` folder indicates good intent for project documentation and planning.
    - Modern frontend development stack utilizing React, TypeScript, and Tailwind CSS, suggesting a strong focus on developer experience and UI quality.
    - Well-organized frontend with dedicated folders for API services, components, contexts, hooks, layouts, and routes, promoting maintainability and scalability.
    - Backend leverages Spring Boot and Maven, providing a robust and widely adopted framework for enterprise applications.
- **Missing Standard Elements:**
    - **Testing:** While `backend/src/test/java` exists, it appears empty, indicating a lack of established unit or integration tests for the backend. The frontend also lacks a dedicated testing directory or framework configuration.
    - **CI/CD:** No visible configuration files (e.g., `.github/workflows`, `Jenkinsfile`, `.gitlab-ci.yml`) for automated build, test, and deployment pipelines.
    - **Containerization:** The absence of Dockerfiles or container orchestration configurations suggests manual deployment or reliance on host-specific environments.
    - **API Contract Definition:** There are no OpenAPI/Swagger YAML or similar files to formally define the backend API contract, which can hinder client-server synchronization and external integrations.
    - **Database Migrations:** No explicit database migration tools (e.g., Flyway, Liquibase) are configured, implying schema changes might be handled manually or via `database-schema.md` directly.'),('2026-07-03 14:17:17.017374+00'),('# Repository Management Platform

## 1. Project Title & Description

This project is a full-stack web application designed to facilitate the management, analysis, and interaction with code repositories. It provides a user-friendly interface for browsing repositories, managing user profiles, and potentially includes features like chat and file uploads, all powered by a robust backend.

## 2. Architecture Overview

The application follows an N-tier architectural pattern, dividing responsibilities between a client-side frontend and a server-side backend.

*   **Frontend:** A modern single-page application (SPA) built with React and TypeScript, providing an interactive user interface. Styling is managed using Tailwind CSS, and routing is handled by TanStack Router. The frontend communicates with the backend via RESTful APIs.
*   **Backend:** A RESTful API server developed with Spring Boot (Java) that handles business logic, data persistence, and authentication. It serves data to the frontend and interacts with the PostgreSQL database.
*   **Database:** PostgreSQL is used as the primary relational database for storing all application data, including repository information, user data, and other application-specific entities.

## 3. Technologies Used

*   **Frontend:**
    *   TypeScript
    *   React
    *   Tailwind CSS
    *   Vite (Build Tool)
    *   TanStack Router
    *   NPM/Yarn/Bun (Package Management)
*   **Backend:**
    *   Java
    *   Spring Boot
    *   Maven (Build Tool)
*   **Database:**
    *   PostgreSQL
*   **Tools & Other:**
    *   ESLint (Linting)
    *   Prettier (Code Formatting)
    *   Git (Version Control)

## 4. Project Structure


📁 repo-analyzer-main
  📁 backend                # Spring Boot backend application
    📄 pom.xml              # Maven configuration
    📁 src                  # Backend source code
      📁 main
        📁 java             # Java source files
        📁 resources        # Configuration and static resources
  📁 docs                   # Project documentation (API, architecture, setup)
  📁 frontend2              # React/TypeScript frontend application
    📄 package.json         # NPM/Yarn dependencies and scripts
    📁 src                  # Frontend source code
      📁 api                # API client services
      📁 components         # Reusable UI components
      📁 contexts           # React Context API providers
      📁 hooks              # Custom React hooks
      📁 layouts            # Application layout components
      📁 lib                # Utility functions
      📁 routes             # Page-level route components
      📄 router.tsx         # Main router configuration
      📁 types              # TypeScript type definitions
    📄 vite.config.ts       # Vite build configuration
  📄 README.md


## 5. Getting Started

Follow these steps to set up and run the project locally.

### Prerequisites

*   Java Development Kit (JDK) 17 or higher
*   Maven
*   Node.js (LTS recommended) and npm/yarn/bun
*   PostgreSQL
*   Git

### 1. Clone the Repository

bash
git clone <repository-url>
cd repo-analyzer-main


### 2. Database Setup

1.  Ensure PostgreSQL is running.
2.  Create a new PostgreSQL database (e.g., `repo_analyzer_db`).
3.  Update the database connection details in `backend/.env` (or `backend/src/main/resources/application.properties` if used) to point to your new database.
    properties
    # Example .env or application.properties content
    SPRING_DATASOURCE_URL=jdbc:postgresql://localhost:5432/repo_analyzer_db
    SPRING_DATASOURCE_USERNAME=your_username
    SPRING_DATASOURCE_PASSWORD=your_password
    

### 3. Run the Backend

Navigate to the `backend` directory and start the Spring Boot application:

bash
cd backend
mvn clean install
mvn spring-boot:run
# Alternatively, use the Maven Wrapper:
# ./mvnw spring-boot:run


The backend will typically start on `http://localhost:8080`.

### 4. Run the Frontend

Navigate to the `frontend2` directory and install dependencies, then start the development server:

bash
cd frontend2
npm install # or yarn install or bun install
npm run dev # or yarn dev or bun dev


The frontend will typically start on `http://localhost:5173` (or another port as configured by Vite).'),('- Discuss the advantages and disadvantages of using TanStack Router for complex routing scenarios in your React application, especially concerning state management and data loading for deeply nested routes.
- Explain how you would implement robust error handling and logging across both the Spring Boot backend and the React/TypeScript frontend, particularly focusing on `error-capture.ts` and `lovable-error-reporting.ts`.
- Given the existing folder structure and `database-schema.md`, describe your approach to evolving the PostgreSQL database schema in a production environment, considering tools and strategies for migrations and data integrity.'),('📁 repo-analyzer-zip-640bc565-7f2c-4298-8f36-90f2784e51e5-3092059986843166765
📁 repo-analyzer-main
  📁 backend
    📄 .env
    📁 .mvn
      📁 wrapper
        📄 maven-wrapper.properties
    📄 mvnw
    📄 mvnw.cmd
    📄 pom.xml  '),('640bc565-7f2c-4298-8f36-90f2784e51e5'::uuid),('- Architected and developed a full-stack repository management platform using Spring Boot, React, and PostgreSQL, enhancing developer productivity and collaboration through structured code and comprehensive documentation.
- Implemented robust authentication, authorization, and dynamic routing within a TypeScript-based React frontend, improving user experience and application security for various user roles.
- Designed and integrated a RESTful API backend with Java Spring Boot and PostgreSQL, ensuring efficient data handling and scalability for repository data, user profiles, and real-time features.'),('This project delivers a full-stack web application designed for managing and interacting with code repositories, likely offering features like chat, user authentication, and file uploads. It employs a modern architecture separating a React/TypeScript frontend with Tailwind CSS from a Spring Boot Java backend, leveraging PostgreSQL as its persistent data store.'),('TechStackReport[languages=[TypeScript, Java, JavaScript], frameworks=[Spring Boot, Tailwind CSS, React], databases=[PostgreSQL], tools=[Maven, NPM/Yarn]]'),('145'::int4),('930'::int8),('82db8cc9-6679-45a7-b582-40b88b1aace8'::uuid)) was aborted: ERROR: invalid byte sequence for encoding "UTF8": 0x00
  Where: unnamed portal parameter $5  Call getNextException to see other errors in the batch.
2026-07-03T19:55:08.956+05:30  WARN 6580 --- [repo-analyzer] [HikariPool-1:housekeeper] com.zaxxer.hikari.pool.PoolBase          : HikariPool-1 - Failed to validate connection org.postgresql.jdbc.PgConnection@63da499 (This connection has been closed.). Possibly consider using a shorter maxLifetime value.
2026-07-03T20:18:19.180+05:30  INFO 6580 --- [repo-analyzer] [File Watcher] rtingClassPathChangeChangedEventListener : Restarting due to 1 class path change (0 additions, 0 deletions, 1 modification)
2026-07-03T20:18:19.933+05:30  INFO 6580 --- [repo-analyzer] [Thread-1] o.s.boot.tomcat.GracefulShutdown         : Commencing graceful shutdown. Waiting for active requests to complete
2026-07-03T20:18:20.089+05:30  INFO 6580 --- [repo-analyzer] [tomcat-shutdown] o.s.boot.tomcat.GracefulShutdown         : Graceful shutdown complete
2026-07-03T20:18:20.412+05:30  INFO 6580 --- [repo-analyzer] [Thread-1] j.LocalContainerEntityManagerFactoryBean : Closing JPA EntityManagerFactory for persistence unit 'default'
2026-07-03T20:18:20.616+05:30  INFO 6580 --- [repo-analyzer] [Thread-1] com.zaxxer.hikari.HikariDataSource       : HikariPool-1 - Shutdown initiated...
2026-07-03T20:18:21.811+05:30  INFO 6580 --- [repo-analyzer] [Thread-1] com.zaxxer.hikari.HikariDataSource       : HikariPool-1 - Shutdown completed.
2026-07-03T20:18:24.101+05:30  INFO 6580 --- [repo-analyzer] [restartedMain] c.h.r.RepoAnalyzerApplication            : Starting RepoAnalyzerApplication using Java 25.0.3 with PID 6580 (C:\Users\Admin\repo-analyzer\backend\target\classes started by Admin in C:\Users\Admin\repo-analyzer\backend)
2026-07-03T20:18:24.102+05:30  INFO 6580 --- [repo-analyzer] [restartedMain] c.h.r.RepoAnalyzerApplication            : No active profile set, falling back to 1 default profile: "default"
2026-07-03T20:18:26.248+05:30  INFO 6580 --- [repo-analyzer] [restartedMain] .s.d.r.c.RepositoryConfigurationDelegate : Bootstrapping Spring Data JPA repositories in DEFAULT mode.
2026-07-03T20:18:26.464+05:30  INFO 6580 --- [repo-analyzer] [restartedMain] .s.d.r.c.RepositoryConfigurationDelegate : Finished Spring Data repository scanning in 178 ms. Found 4 JPA repository interfaces.
2026-07-03T20:18:27.612+05:30  INFO 6580 --- [repo-analyzer] [restartedMain] o.s.boot.tomcat.TomcatWebServer          : Tomcat initialized with port 8080 (http)
2026-07-03T20:18:27.619+05:30  INFO 6580 --- [repo-analyzer] [restartedMain] o.apache.catalina.core.StandardService   : Starting service [Tomcat]
2026-07-03T20:18:27.621+05:30  INFO 6580 --- [repo-analyzer] [restartedMain] o.apache.catalina.core.StandardEngine    : Starting Servlet engine: [Apache Tomcat/11.0.21]
2026-07-03T20:18:27.731+05:30  INFO 6580 --- [repo-analyzer] [restartedMain] b.w.c.s.WebApplicationContextInitializer : Root WebApplicationContext: initialization completed in 3612 ms
2026-07-03T20:18:28.357+05:30  INFO 6580 --- [repo-analyzer] [restartedMain] org.hibernate.orm.jpa                    : HHH008540: Processing PersistenceUnitInfo [name: default]
2026-07-03T20:18:28.666+05:30  INFO 6580 --- [repo-analyzer] [restartedMain] o.s.o.j.p.SpringPersistenceUnitInfo      : No LoadTimeWeaver setup: ignoring JPA class transformer
2026-07-03T20:18:28.682+05:30  INFO 6580 --- [repo-analyzer] [restartedMain] com.zaxxer.hikari.HikariDataSource       : HikariPool-2 - Starting...
2026-07-03T20:18:29.830+05:30  INFO 6580 --- [repo-analyzer] [restartedMain] com.zaxxer.hikari.pool.HikariPool        : HikariPool-2 - Added connection org.postgresql.jdbc.PgConnection@4d4b75b0
2026-07-03T20:18:29.832+05:30  INFO 6580 --- [repo-analyzer] [restartedMain] com.zaxxer.hikari.HikariDataSource       : HikariPool-2 - Start completed.
2026-07-03T20:18:30.573+05:30  INFO 6580 --- [repo-analyzer] [restartedMain] org.hibernate.orm.connections.pooling    : HHH10001005: Database info:
	Database JDBC URL [jdbc:postgresql://db.qjtghfgbgfbkbllbqqml.supabase.co:5432/postgres]
	Database driver: PostgreSQL JDBC Driver
	Database dialect: PostgreSQLDialect
	Database version: 17.6
	Default catalog/schema: postgres/public
	Autocommit mode: undefined/unknown
	Isolation level: READ_COMMITTED [default READ_COMMITTED]
	JDBC fetch size: none
	Pool: DataSourceConnectionProvider
	Minimum pool size: undefined/unknown
	Maximum pool size: undefined/unknown
2026-07-03T20:18:30.964+05:30  INFO 6580 --- [repo-analyzer] [restartedMain] org.hibernate.orm.core                   : HHH000489: No JTA platform available (set 'hibernate.transaction.jta.platform' to enable JTA platform integration)
2026-07-03T20:18:30.967+05:30  INFO 6580 --- [repo-analyzer] [restartedMain] org.hibernate.orm.jdbc.batch             : HHH100501: Automatic JDBC statement batching enabled (maximum batch size 50)
2026-07-03T20:18:32.008+05:30  INFO 6580 --- [repo-analyzer] [restartedMain] j.LocalContainerEntityManagerFactoryBean : Initialized JPA EntityManagerFactory for persistence unit 'default'
2026-07-03T20:18:32.326+05:30  INFO 6580 --- [repo-analyzer] [restartedMain] eAuthenticationProviderManagerConfigurer : Global AuthenticationManager configured with AuthenticationProvider bean with name authenticationProvider
2026-07-03T20:18:32.327+05:30  WARN 6580 --- [repo-analyzer] [restartedMain] r$InitializeUserDetailsManagerConfigurer : Global AuthenticationManager configured with an AuthenticationProvider bean. UserDetailsService beans will not be used by Spring Security for automatically configuring username/password login. Consider removing the AuthenticationProvider bean. Alternatively, consider using the UserDetailsService in a manually instantiated DaoAuthenticationProvider. If the current configuration is intentional, to turn off this warning, increase the logging level of 'org.springframework.security.config.annotation.authentication.configuration.InitializeUserDetailsBeanManagerConfigurer' to ERROR
2026-07-03T20:18:32.656+05:30  WARN 6580 --- [repo-analyzer] [restartedMain] JpaBaseConfiguration$JpaWebConfiguration : spring.jpa.open-in-view is enabled by default. Therefore, database queries may be performed during view rendering. Explicitly configure spring.jpa.open-in-view to disable this warning
2026-07-03T20:18:33.271+05:30  INFO 6580 --- [repo-analyzer] [restartedMain] o.s.b.a.e.web.EndpointLinksResolver      : Exposing 1 endpoint beneath base path '/actuator'
2026-07-03T20:18:33.310+05:30  INFO 6580 --- [repo-analyzer] [restartedMain] o.s.boot.tomcat.TomcatWebServer          : Tomcat started on port 8080 (http) with context path '/'
2026-07-03T20:18:33.323+05:30  INFO 6580 --- [repo-analyzer] [restartedMain] c.h.r.RepoAnalyzerApplication            : Started RepoAnalyzerApplication in 9.491 seconds (process running for 2789.994)
2026-07-03T20:18:33.326+05:30  WARN 6580 --- [repo-analyzer] [restartedMain] o.s.core.events.SpringDocAppInitializer  : SpringDoc /v3/api-docs endpoint is enabled by default. To disable it in production, set the property 'springdoc.api-docs.enabled=false'
2026-07-03T20:18:33.327+05:30  WARN 6580 --- [repo-analyzer] [restartedMain] o.s.core.events.SpringDocAppInitializer  : SpringDoc /swagger-ui.html endpoint is enabled by default. To disable it in production, set the property 'springdoc.swagger-ui.enabled=false'
2026-07-03T20:18:33.330+05:30  INFO 6580 --- [repo-analyzer] [restartedMain] .ConditionEvaluationDeltaLoggingListener : Condition evaluation unchanged
2026-07-03T20:19:34.867+05:30  INFO 6580 --- [repo-analyzer] [http-nio-8080-exec-2] o.a.c.c.C.[Tomcat].[localhost].[/]       : Initializing Spring DispatcherServlet 'dispatcherServlet'
2026-07-03T20:19:34.878+05:30  INFO 6580 --- [repo-analyzer] [http-nio-8080-exec-2] o.s.web.servlet.DispatcherServlet        : Initializing Servlet 'dispatcherServlet'
2026-07-03T20:19:34.912+05:30  INFO 6580 --- [repo-analyzer] [http-nio-8080-exec-2] o.s.web.servlet.DispatcherServlet        : Completed initialization in 33 ms
2026-07-03T20:24:50.224+05:30  INFO 1336 --- [repo-analyzer] [restartedMain] c.h.r.RepoAnalyzerApplication            : Starting RepoAnalyzerApplication using Java 25.0.3 with PID 1336 (C:\Users\Admin\repo-analyzer\backend\target\classes started by Admin in C:\Users\Admin\repo-analyzer\backend)
2026-07-03T20:24:50.231+05:30  INFO 1336 --- [repo-analyzer] [restartedMain] c.h.r.RepoAnalyzerApplication            : No active profile set, falling back to 1 default profile: "default"
2026-07-03T20:24:50.368+05:30  INFO 1336 --- [repo-analyzer] [restartedMain] .e.DevToolsPropertyDefaultsPostProcessor : Devtools property defaults active! Set 'spring.devtools.add-properties' to 'false' to disable
2026-07-03T20:24:50.369+05:30  INFO 1336 --- [repo-analyzer] [restartedMain] .e.DevToolsPropertyDefaultsPostProcessor : For additional web related logging consider setting the 'logging.level.web' property to 'DEBUG'
2026-07-03T20:24:52.716+05:30  INFO 1336 --- [repo-analyzer] [restartedMain] .s.d.r.c.RepositoryConfigurationDelegate : Bootstrapping Spring Data JPA repositories in DEFAULT mode.
2026-07-03T20:24:52.853+05:30  INFO 1336 --- [repo-analyzer] [restartedMain] .s.d.r.c.RepositoryConfigurationDelegate : Finished Spring Data repository scanning in 111 ms. Found 4 JPA repository interfaces.
2026-07-03T20:24:54.314+05:30  INFO 1336 --- [repo-analyzer] [restartedMain] o.s.boot.tomcat.TomcatWebServer          : Tomcat initialized with port 8080 (http)
2026-07-03T20:24:54.342+05:30  INFO 1336 --- [repo-analyzer] [restartedMain] o.apache.catalina.core.StandardService   : Starting service [Tomcat]
2026-07-03T20:24:54.344+05:30  INFO 1336 --- [repo-analyzer] [restartedMain] o.apache.catalina.core.StandardEngine    : Starting Servlet engine: [Apache Tomcat/11.0.21]
2026-07-03T20:24:54.441+05:30  INFO 1336 --- [repo-analyzer] [restartedMain] b.w.c.s.WebApplicationContextInitializer : Root WebApplicationContext: initialization completed in 4067 ms
2026-07-03T20:24:54.865+05:30  INFO 1336 --- [repo-analyzer] [restartedMain] org.hibernate.orm.jpa                    : HHH008540: Processing PersistenceUnitInfo [name: default]
2026-07-03T20:24:54.974+05:30  INFO 1336 --- [repo-analyzer] [restartedMain] org.hibernate.orm.core                   : HHH000001: Hibernate ORM core version 7.2.12.Final
2026-07-03T20:24:55.972+05:30  INFO 1336 --- [repo-analyzer] [restartedMain] o.s.o.j.p.SpringPersistenceUnitInfo      : No LoadTimeWeaver setup: ignoring JPA class transformer
2026-07-03T20:24:56.032+05:30  INFO 1336 --- [repo-analyzer] [restartedMain] com.zaxxer.hikari.HikariDataSource       : HikariPool-1 - Starting...
2026-07-03T20:24:58.091+05:30  INFO 1336 --- [repo-analyzer] [restartedMain] com.zaxxer.hikari.pool.HikariPool        : HikariPool-1 - Added connection org.postgresql.jdbc.PgConnection@582d54f5
2026-07-03T20:24:58.099+05:30  INFO 1336 --- [repo-analyzer] [restartedMain] com.zaxxer.hikari.HikariDataSource       : HikariPool-1 - Start completed.
2026-07-03T20:24:59.004+05:30  INFO 1336 --- [repo-analyzer] [restartedMain] org.hibernate.orm.connections.pooling    : HHH10001005: Database info:
	Database JDBC URL [jdbc:postgresql://db.qjtghfgbgfbkbllbqqml.supabase.co:5432/postgres]
	Database driver: PostgreSQL JDBC Driver
	Database dialect: PostgreSQLDialect
	Database version: 17.6
	Default catalog/schema: postgres/public
	Autocommit mode: undefined/unknown
	Isolation level: READ_COMMITTED [default READ_COMMITTED]
	JDBC fetch size: none
	Pool: DataSourceConnectionProvider
	Minimum pool size: undefined/unknown
	Maximum pool size: undefined/unknown
2026-07-03T20:25:00.826+05:30  INFO 1336 --- [repo-analyzer] [restartedMain] org.hibernate.orm.core                   : HHH000489: No JTA platform available (set 'hibernate.transaction.jta.platform' to enable JTA platform integration)
2026-07-03T20:25:00.834+05:30  INFO 1336 --- [repo-analyzer] [restartedMain] org.hibernate.orm.jdbc.batch             : HHH100501: Automatic JDBC statement batching enabled (maximum batch size 50)
2026-07-03T20:25:02.179+05:30  INFO 1336 --- [repo-analyzer] [restartedMain] j.LocalContainerEntityManagerFactoryBean : Initialized JPA EntityManagerFactory for persistence unit 'default'
2026-07-03T20:25:02.354+05:30  INFO 1336 --- [repo-analyzer] [restartedMain] o.s.d.j.r.query.QueryEnhancerFactories   : Hibernate is in classpath; If applicable, HQL parser will be used.
2026-07-03T20:25:02.938+05:30  INFO 1336 --- [repo-analyzer] [restartedMain] eAuthenticationProviderManagerConfigurer : Global AuthenticationManager configured with AuthenticationProvider bean with name authenticationProvider
2026-07-03T20:25:02.940+05:30  WARN 1336 --- [repo-analyzer] [restartedMain] r$InitializeUserDetailsManagerConfigurer : Global AuthenticationManager configured with an AuthenticationProvider bean. UserDetailsService beans will not be used by Spring Security for automatically configuring username/password login. Consider removing the AuthenticationProvider bean. Alternatively, consider using the UserDetailsService in a manually instantiated DaoAuthenticationProvider. If the current configuration is intentional, to turn off this warning, increase the logging level of 'org.springframework.security.config.annotation.authentication.configuration.InitializeUserDetailsBeanManagerConfigurer' to ERROR
2026-07-03T20:25:03.645+05:30  WARN 1336 --- [repo-analyzer] [restartedMain] JpaBaseConfiguration$JpaWebConfiguration : spring.jpa.open-in-view is enabled by default. Therefore, database queries may be performed during view rendering. Explicitly configure spring.jpa.open-in-view to disable this warning
2026-07-03T20:25:04.985+05:30  INFO 1336 --- [repo-analyzer] [restartedMain] o.s.b.a.e.web.EndpointLinksResolver      : Exposing 1 endpoint beneath base path '/actuator'
2026-07-03T20:25:05.161+05:30  INFO 1336 --- [repo-analyzer] [restartedMain] o.s.boot.tomcat.TomcatWebServer          : Tomcat started on port 8080 (http) with context path '/'
2026-07-03T20:25:05.183+05:30  INFO 1336 --- [repo-analyzer] [restartedMain] c.h.r.RepoAnalyzerApplication            : Started RepoAnalyzerApplication in 15.985 seconds (process running for 17.067)
2026-07-03T20:25:05.327+05:30  WARN 1336 --- [repo-analyzer] [restartedMain] o.s.core.events.SpringDocAppInitializer  : SpringDoc /v3/api-docs endpoint is enabled by default. To disable it in production, set the property 'springdoc.api-docs.enabled=false'
2026-07-03T20:25:05.328+05:30  WARN 1336 --- [repo-analyzer] [restartedMain] o.s.core.events.SpringDocAppInitializer  : SpringDoc /swagger-ui.html endpoint is enabled by default. To disable it in production, set the property 'springdoc.swagger-ui.enabled=false'
2026-07-03T20:25:40.980+05:30  INFO 1336 --- [repo-analyzer] [http-nio-8080-exec-1] o.a.c.c.C.[Tomcat].[localhost].[/]       : Initializing Spring DispatcherServlet 'dispatcherServlet'
2026-07-03T20:25:40.982+05:30  INFO 1336 --- [repo-analyzer] [http-nio-8080-exec-1] o.s.web.servlet.DispatcherServlet        : Initializing Servlet 'dispatcherServlet'
2026-07-03T20:25:40.990+05:30  INFO 1336 --- [repo-analyzer] [http-nio-8080-exec-1] o.s.web.servlet.DispatcherServlet        : Completed initialization in 6 ms
2026-07-03T20:55:11.797+05:30  INFO 1336 --- [repo-analyzer] [File Watcher] rtingClassPathChangeChangedEventListener : Restarting due to 1 class path change (0 additions, 0 deletions, 1 modification)
2026-07-03T20:55:13.422+05:30  INFO 1336 --- [repo-analyzer] [Thread-1] o.s.boot.tomcat.GracefulShutdown         : Commencing graceful shutdown. Waiting for active requests to complete
2026-07-03T20:55:13.501+05:30  INFO 1336 --- [repo-analyzer] [tomcat-shutdown] o.s.boot.tomcat.GracefulShutdown         : Graceful shutdown complete
2026-07-03T20:55:13.677+05:30  INFO 1336 --- [repo-analyzer] [Thread-1] j.LocalContainerEntityManagerFactoryBean : Closing JPA EntityManagerFactory for persistence unit 'default'
2026-07-03T20:55:13.931+05:30  INFO 1336 --- [repo-analyzer] [Thread-1] com.zaxxer.hikari.HikariDataSource       : HikariPool-1 - Shutdown initiated...
2026-07-03T20:55:16.280+05:30  INFO 1336 --- [repo-analyzer] [Thread-1] com.zaxxer.hikari.HikariDataSource       : HikariPool-1 - Shutdown completed.
2026-07-03T20:55:18.882+05:30  INFO 1336 --- [repo-analyzer] [restartedMain] c.h.r.RepoAnalyzerApplication            : Starting RepoAnalyzerApplication using Java 25.0.3 with PID 1336 (C:\Users\Admin\repo-analyzer\backend\target\classes started by Admin in C:\Users\Admin\repo-analyzer\backend)
2026-07-03T20:55:18.895+05:30  INFO 1336 --- [repo-analyzer] [restartedMain] c.h.r.RepoAnalyzerApplication            : No active profile set, falling back to 1 default profile: "default"
2026-07-03T20:55:21.085+05:30  INFO 1336 --- [repo-analyzer] [restartedMain] .s.d.r.c.RepositoryConfigurationDelegate : Bootstrapping Spring Data JPA repositories in DEFAULT mode.
2026-07-03T20:55:21.239+05:30  INFO 1336 --- [repo-analyzer] [restartedMain] .s.d.r.c.RepositoryConfigurationDelegate : Finished Spring Data repository scanning in 117 ms. Found 4 JPA repository interfaces.
2026-07-03T20:55:22.374+05:30  INFO 1336 --- [repo-analyzer] [restartedMain] o.s.boot.tomcat.TomcatWebServer          : Tomcat initialized with port 8080 (http)
2026-07-03T20:55:22.389+05:30  INFO 1336 --- [repo-analyzer] [restartedMain] o.apache.catalina.core.StandardService   : Starting service [Tomcat]
2026-07-03T20:55:22.391+05:30  INFO 1336 --- [repo-analyzer] [restartedMain] o.apache.catalina.core.StandardEngine    : Starting Servlet engine: [Apache Tomcat/11.0.21]
2026-07-03T20:55:22.485+05:30  INFO 1336 --- [repo-analyzer] [restartedMain] b.w.c.s.WebApplicationContextInitializer : Root WebApplicationContext: initialization completed in 3524 ms
2026-07-03T20:55:22.822+05:30  INFO 1336 --- [repo-analyzer] [restartedMain] org.hibernate.orm.jpa                    : HHH008540: Processing PersistenceUnitInfo [name: default]
2026-07-03T20:55:23.010+05:30  INFO 1336 --- [repo-analyzer] [restartedMain] o.s.o.j.p.SpringPersistenceUnitInfo      : No LoadTimeWeaver setup: ignoring JPA class transformer
2026-07-03T20:55:23.028+05:30  INFO 1336 --- [repo-analyzer] [restartedMain] com.zaxxer.hikari.HikariDataSource       : HikariPool-2 - Starting...
2026-07-03T20:55:24.360+05:30  INFO 1336 --- [repo-analyzer] [restartedMain] com.zaxxer.hikari.pool.HikariPool        : HikariPool-2 - Added connection org.postgresql.jdbc.PgConnection@dc7d137
2026-07-03T20:55:24.363+05:30  INFO 1336 --- [repo-analyzer] [restartedMain] com.zaxxer.hikari.HikariDataSource       : HikariPool-2 - Start completed.
2026-07-03T20:55:25.094+05:30  INFO 1336 --- [repo-analyzer] [restartedMain] org.hibernate.orm.connections.pooling    : HHH10001005: Database info:
	Database JDBC URL [jdbc:postgresql://db.qjtghfgbgfbkbllbqqml.supabase.co:5432/postgres]
	Database driver: PostgreSQL JDBC Driver
	Database dialect: PostgreSQLDialect
	Database version: 17.6
	Default catalog/schema: postgres/public
	Autocommit mode: undefined/unknown
	Isolation level: READ_COMMITTED [default READ_COMMITTED]
	JDBC fetch size: none
	Pool: DataSourceConnectionProvider
	Minimum pool size: undefined/unknown
	Maximum pool size: undefined/unknown
2026-07-03T20:55:25.797+05:30  INFO 1336 --- [repo-analyzer] [restartedMain] org.hibernate.orm.core                   : HHH000489: No JTA platform available (set 'hibernate.transaction.jta.platform' to enable JTA platform integration)
2026-07-03T20:55:25.804+05:30  INFO 1336 --- [repo-analyzer] [restartedMain] org.hibernate.orm.jdbc.batch             : HHH100501: Automatic JDBC statement batching enabled (maximum batch size 50)
2026-07-03T20:55:27.104+05:30  INFO 1336 --- [repo-analyzer] [restartedMain] j.LocalContainerEntityManagerFactoryBean : Initialized JPA EntityManagerFactory for persistence unit 'default'
2026-07-03T20:55:27.515+05:30  INFO 1336 --- [repo-analyzer] [restartedMain] eAuthenticationProviderManagerConfigurer : Global AuthenticationManager configured with AuthenticationProvider bean with name authenticationProvider
2026-07-03T20:55:27.519+05:30  WARN 1336 --- [repo-analyzer] [restartedMain] r$InitializeUserDetailsManagerConfigurer : Global AuthenticationManager configured with an AuthenticationProvider bean. UserDetailsService beans will not be used by Spring Security for automatically configuring username/password login. Consider removing the AuthenticationProvider bean. Alternatively, consider using the UserDetailsService in a manually instantiated DaoAuthenticationProvider. If the current configuration is intentional, to turn off this warning, increase the logging level of 'org.springframework.security.config.annotation.authentication.configuration.InitializeUserDetailsBeanManagerConfigurer' to ERROR
2026-07-03T20:55:28.040+05:30  WARN 1336 --- [repo-analyzer] [restartedMain] JpaBaseConfiguration$JpaWebConfiguration : spring.jpa.open-in-view is enabled by default. Therefore, database queries may be performed during view rendering. Explicitly configure spring.jpa.open-in-view to disable this warning
2026-07-03T20:55:29.033+05:30  INFO 1336 --- [repo-analyzer] [restartedMain] o.s.b.a.e.web.EndpointLinksResolver      : Exposing 1 endpoint beneath base path '/actuator'
2026-07-03T20:55:29.108+05:30  INFO 1336 --- [repo-analyzer] [restartedMain] o.s.boot.tomcat.TomcatWebServer          : Tomcat started on port 8080 (http) with context path '/'
2026-07-03T20:55:29.125+05:30  INFO 1336 --- [repo-analyzer] [restartedMain] c.h.r.RepoAnalyzerApplication            : Started RepoAnalyzerApplication in 11.487 seconds (process running for 1841.009)
2026-07-03T20:55:29.129+05:30  WARN 1336 --- [repo-analyzer] [restartedMain] o.s.core.events.SpringDocAppInitializer  : SpringDoc /v3/api-docs endpoint is enabled by default. To disable it in production, set the property 'springdoc.api-docs.enabled=false'
2026-07-03T20:55:29.130+05:30  WARN 1336 --- [repo-analyzer] [restartedMain] o.s.core.events.SpringDocAppInitializer  : SpringDoc /swagger-ui.html endpoint is enabled by default. To disable it in production, set the property 'springdoc.swagger-ui.enabled=false'
2026-07-03T20:55:29.139+05:30  INFO 1336 --- [repo-analyzer] [restartedMain] .ConditionEvaluationDeltaLoggingListener : Condition evaluation unchanged
2026-07-03T20:58:01.265+05:30  INFO 1336 --- [repo-analyzer] [File Watcher] rtingClassPathChangeChangedEventListener : Restarting due to 1 class path change (0 additions, 0 deletions, 1 modification)
2026-07-03T20:58:01.670+05:30  INFO 1336 --- [repo-analyzer] [Thread-5] o.s.boot.tomcat.GracefulShutdown         : Commencing graceful shutdown. Waiting for active requests to complete
2026-07-03T20:58:01.771+05:30  INFO 1336 --- [repo-analyzer] [tomcat-shutdown] o.s.boot.tomcat.GracefulShutdown         : Graceful shutdown complete
2026-07-03T20:58:02.017+05:30  INFO 1336 --- [repo-analyzer] [Thread-5] j.LocalContainerEntityManagerFactoryBean : Closing JPA EntityManagerFactory for persistence unit 'default'
2026-07-03T20:58:02.296+05:30  INFO 1336 --- [repo-analyzer] [Thread-5] com.zaxxer.hikari.HikariDataSource       : HikariPool-2 - Shutdown initiated...
2026-07-03T20:58:03.485+05:30  INFO 1336 --- [repo-analyzer] [Thread-5] com.zaxxer.hikari.HikariDataSource       : HikariPool-2 - Shutdown completed.
2026-07-03T20:58:06.399+05:30  INFO 1336 --- [repo-analyzer] [restartedMain] c.h.r.RepoAnalyzerApplication            : Starting RepoAnalyzerApplication using Java 25.0.3 with PID 1336 (C:\Users\Admin\repo-analyzer\backend\target\classes started by Admin in C:\Users\Admin\repo-analyzer\backend)
2026-07-03T20:58:06.420+05:30  INFO 1336 --- [repo-analyzer] [restartedMain] c.h.r.RepoAnalyzerApplication            : No active profile set, falling back to 1 default profile: "default"
2026-07-03T20:58:09.184+05:30  INFO 1336 --- [repo-analyzer] [restartedMain] .s.d.r.c.RepositoryConfigurationDelegate : Bootstrapping Spring Data JPA repositories in DEFAULT mode.
2026-07-03T20:58:09.287+05:30  INFO 1336 --- [repo-analyzer] [restartedMain] .s.d.r.c.RepositoryConfigurationDelegate : Finished Spring Data repository scanning in 83 ms. Found 4 JPA repository interfaces.
2026-07-03T20:58:10.722+05:30  INFO 1336 --- [repo-analyzer] [restartedMain] o.s.boot.tomcat.TomcatWebServer          : Tomcat initialized with port 8080 (http)
2026-07-03T20:58:10.748+05:30  INFO 1336 --- [repo-analyzer] [restartedMain] o.apache.catalina.core.StandardService   : Starting service [Tomcat]
2026-07-03T20:58:10.751+05:30  INFO 1336 --- [repo-analyzer] [restartedMain] o.apache.catalina.core.StandardEngine    : Starting Servlet engine: [Apache Tomcat/11.0.21]
2026-07-03T20:58:10.912+05:30  INFO 1336 --- [repo-analyzer] [restartedMain] b.w.c.s.WebApplicationContextInitializer : Root WebApplicationContext: initialization completed in 4437 ms
2026-07-03T20:58:11.512+05:30  INFO 1336 --- [repo-analyzer] [restartedMain] org.hibernate.orm.jpa                    : HHH008540: Processing PersistenceUnitInfo [name: default]
2026-07-03T20:58:12.009+05:30  INFO 1336 --- [repo-analyzer] [restartedMain] o.s.o.j.p.SpringPersistenceUnitInfo      : No LoadTimeWeaver setup: ignoring JPA class transformer
2026-07-03T20:58:12.028+05:30  INFO 1336 --- [repo-analyzer] [restartedMain] com.zaxxer.hikari.HikariDataSource       : HikariPool-3 - Starting...
2026-07-03T20:58:13.597+05:30  INFO 1336 --- [repo-analyzer] [restartedMain] com.zaxxer.hikari.pool.HikariPool        : HikariPool-3 - Added connection org.postgresql.jdbc.PgConnection@69285fae
2026-07-03T20:58:13.607+05:30  INFO 1336 --- [repo-analyzer] [restartedMain] com.zaxxer.hikari.HikariDataSource       : HikariPool-3 - Start completed.
2026-07-03T20:58:14.257+05:30  INFO 1336 --- [repo-analyzer] [restartedMain] org.hibernate.orm.connections.pooling    : HHH10001005: Database info:
	Database JDBC URL [jdbc:postgresql://db.qjtghfgbgfbkbllbqqml.supabase.co:5432/postgres]
	Database driver: PostgreSQL JDBC Driver
	Database dialect: PostgreSQLDialect
	Database version: 17.6
	Default catalog/schema: postgres/public
	Autocommit mode: undefined/unknown
	Isolation level: READ_COMMITTED [default READ_COMMITTED]
	JDBC fetch size: none
	Pool: DataSourceConnectionProvider
	Minimum pool size: undefined/unknown
	Maximum pool size: undefined/unknown
2026-07-03T20:58:14.591+05:30  INFO 1336 --- [repo-analyzer] [restartedMain] org.hibernate.orm.core                   : HHH000489: No JTA platform available (set 'hibernate.transaction.jta.platform' to enable JTA platform integration)
2026-07-03T20:58:14.594+05:30  INFO 1336 --- [repo-analyzer] [restartedMain] org.hibernate.orm.jdbc.batch             : HHH100501: Automatic JDBC statement batching enabled (maximum batch size 50)
2026-07-03T20:58:15.613+05:30  INFO 1336 --- [repo-analyzer] [restartedMain] j.LocalContainerEntityManagerFactoryBean : Initialized JPA EntityManagerFactory for persistence unit 'default'
2026-07-03T20:58:19.014+05:30  INFO 1336 --- [repo-analyzer] [restartedMain] eAuthenticationProviderManagerConfigurer : Global AuthenticationManager configured with AuthenticationProvider bean with name authenticationProvider
2026-07-03T20:58:19.510+05:30  WARN 1336 --- [repo-analyzer] [restartedMain] r$InitializeUserDetailsManagerConfigurer : Global AuthenticationManager configured with an AuthenticationProvider bean. UserDetailsService beans will not be used by Spring Security for automatically configuring username/password login. Consider removing the AuthenticationProvider bean. Alternatively, consider using the UserDetailsService in a manually instantiated DaoAuthenticationProvider. If the current configuration is intentional, to turn off this warning, increase the logging level of 'org.springframework.security.config.annotation.authentication.configuration.InitializeUserDetailsBeanManagerConfigurer' to ERROR
2026-07-03T20:58:21.212+05:30  WARN 1336 --- [repo-analyzer] [restartedMain] JpaBaseConfiguration$JpaWebConfiguration : spring.jpa.open-in-view is enabled by default. Therefore, database queries may be performed during view rendering. Explicitly configure spring.jpa.open-in-view to disable this warning
2026-07-03T20:58:22.938+05:30  INFO 1336 --- [repo-analyzer] [restartedMain] o.s.b.a.e.web.EndpointLinksResolver      : Exposing 1 endpoint beneath base path '/actuator'
2026-07-03T20:58:23.031+05:30  INFO 1336 --- [repo-analyzer] [restartedMain] o.s.boot.tomcat.TomcatWebServer          : Tomcat started on port 8080 (http) with context path '/'
2026-07-03T20:58:23.062+05:30  INFO 1336 --- [repo-analyzer] [restartedMain] c.h.r.RepoAnalyzerApplication            : Started RepoAnalyzerApplication in 16.891 seconds (process running for 2014.946)
2026-07-03T20:58:23.076+05:30  WARN 1336 --- [repo-analyzer] [restartedMain] o.s.core.events.SpringDocAppInitializer  : SpringDoc /v3/api-docs endpoint is enabled by default. To disable it in production, set the property 'springdoc.api-docs.enabled=false'
2026-07-03T20:58:23.088+05:30  WARN 1336 --- [repo-analyzer] [restartedMain] o.s.core.events.SpringDocAppInitializer  : SpringDoc /swagger-ui.html endpoint is enabled by default. To disable it in production, set the property 'springdoc.swagger-ui.enabled=false'
2026-07-03T20:58:23.096+05:30  INFO 1336 --- [repo-analyzer] [restartedMain] .ConditionEvaluationDeltaLoggingListener : Condition evaluation unchanged
2026-07-03T20:58:29.935+05:30  INFO 1336 --- [repo-analyzer] [File Watcher] rtingClassPathChangeChangedEventListener : Restarting due to 1 class path change (0 additions, 0 deletions, 1 modification)
2026-07-03T20:58:29.994+05:30  INFO 1336 --- [repo-analyzer] [Thread-9] o.s.boot.tomcat.GracefulShutdown         : Commencing graceful shutdown. Waiting for active requests to complete
2026-07-03T20:58:30.066+05:30  INFO 1336 --- [repo-analyzer] [tomcat-shutdown] o.s.boot.tomcat.GracefulShutdown         : Graceful shutdown complete
2026-07-03T20:58:30.079+05:30  INFO 1336 --- [repo-analyzer] [Thread-9] j.LocalContainerEntityManagerFactoryBean : Closing JPA EntityManagerFactory for persistence unit 'default'
2026-07-03T20:58:30.090+05:30  INFO 1336 --- [repo-analyzer] [Thread-9] com.zaxxer.hikari.HikariDataSource       : HikariPool-3 - Shutdown initiated...
2026-07-03T20:58:31.187+05:30  INFO 1336 --- [repo-analyzer] [Thread-9] com.zaxxer.hikari.HikariDataSource       : HikariPool-3 - Shutdown completed.
2026-07-03T20:58:32.496+05:30  INFO 1336 --- [repo-analyzer] [restartedMain] c.h.r.RepoAnalyzerApplication            : Starting RepoAnalyzerApplication using Java 25.0.3 with PID 1336 (C:\Users\Admin\repo-analyzer\backend\target\classes started by Admin in C:\Users\Admin\repo-analyzer\backend)
2026-07-03T20:58:32.506+05:30  INFO 1336 --- [repo-analyzer] [restartedMain] c.h.r.RepoAnalyzerApplication            : No active profile set, falling back to 1 default profile: "default"
2026-07-03T20:58:33.991+05:30  INFO 1336 --- [repo-analyzer] [restartedMain] .s.d.r.c.RepositoryConfigurationDelegate : Bootstrapping Spring Data JPA repositories in DEFAULT mode.
2026-07-03T20:58:34.051+05:30  INFO 1336 --- [repo-analyzer] [restartedMain] .s.d.r.c.RepositoryConfigurationDelegate : Finished Spring Data repository scanning in 54 ms. Found 4 JPA repository interfaces.
2026-07-03T20:58:35.426+05:30  INFO 1336 --- [repo-analyzer] [restartedMain] o.s.boot.tomcat.TomcatWebServer          : Tomcat initialized with port 8080 (http)
2026-07-03T20:58:35.485+05:30  INFO 1336 --- [repo-analyzer] [restartedMain] o.apache.catalina.core.StandardService   : Starting service [Tomcat]
2026-07-03T20:58:35.492+05:30  INFO 1336 --- [repo-analyzer] [restartedMain] o.apache.catalina.core.StandardEngine    : Starting Servlet engine: [Apache Tomcat/11.0.21]
2026-07-03T20:58:35.741+05:30  INFO 1336 --- [repo-analyzer] [restartedMain] b.w.c.s.WebApplicationContextInitializer : Root WebApplicationContext: initialization completed in 3227 ms
2026-07-03T20:58:36.061+05:30  INFO 1336 --- [repo-analyzer] [restartedMain] org.hibernate.orm.jpa                    : HHH008540: Processing PersistenceUnitInfo [name: default]
2026-07-03T20:58:36.235+05:30  INFO 1336 --- [repo-analyzer] [restartedMain] o.s.o.j.p.SpringPersistenceUnitInfo      : No LoadTimeWeaver setup: ignoring JPA class transformer
2026-07-03T20:58:36.259+05:30  INFO 1336 --- [repo-analyzer] [restartedMain] com.zaxxer.hikari.HikariDataSource       : HikariPool-4 - Starting...
2026-07-03T20:58:37.306+05:30  INFO 1336 --- [repo-analyzer] [restartedMain] com.zaxxer.hikari.pool.HikariPool        : HikariPool-4 - Added connection org.postgresql.jdbc.PgConnection@2cb3ce84
2026-07-03T20:58:37.307+05:30  INFO 1336 --- [repo-analyzer] [restartedMain] com.zaxxer.hikari.HikariDataSource       : HikariPool-4 - Start completed.
2026-07-03T20:58:37.956+05:30  INFO 1336 --- [repo-analyzer] [restartedMain] org.hibernate.orm.connections.pooling    : HHH10001005: Database info:
	Database JDBC URL [jdbc:postgresql://db.qjtghfgbgfbkbllbqqml.supabase.co:5432/postgres]
	Database driver: PostgreSQL JDBC Driver
	Database dialect: PostgreSQLDialect
	Database version: 17.6
	Default catalog/schema: postgres/public
	Autocommit mode: undefined/unknown
	Isolation level: READ_COMMITTED [default READ_COMMITTED]
	JDBC fetch size: none
	Pool: DataSourceConnectionProvider
	Minimum pool size: undefined/unknown
	Maximum pool size: undefined/unknown
2026-07-03T20:58:38.399+05:30  INFO 1336 --- [repo-analyzer] [restartedMain] org.hibernate.orm.core                   : HHH000489: No JTA platform available (set 'hibernate.transaction.jta.platform' to enable JTA platform integration)
2026-07-03T20:58:38.403+05:30  INFO 1336 --- [repo-analyzer] [restartedMain] org.hibernate.orm.jdbc.batch             : HHH100501: Automatic JDBC statement batching enabled (maximum batch size 50)
2026-07-03T20:58:39.397+05:30  INFO 1336 --- [repo-analyzer] [restartedMain] j.LocalContainerEntityManagerFactoryBean : Initialized JPA EntityManagerFactory for persistence unit 'default'
2026-07-03T20:58:39.783+05:30  INFO 1336 --- [repo-analyzer] [restartedMain] eAuthenticationProviderManagerConfigurer : Global AuthenticationManager configured with AuthenticationProvider bean with name authenticationProvider
2026-07-03T20:58:39.786+05:30  WARN 1336 --- [repo-analyzer] [restartedMain] r$InitializeUserDetailsManagerConfigurer : Global AuthenticationManager configured with an AuthenticationProvider bean. UserDetailsService beans will not be used by Spring Security for automatically configuring username/password login. Consider removing the AuthenticationProvider bean. Alternatively, consider using the UserDetailsService in a manually instantiated DaoAuthenticationProvider. If the current configuration is intentional, to turn off this warning, increase the logging level of 'org.springframework.security.config.annotation.authentication.configuration.InitializeUserDetailsBeanManagerConfigurer' to ERROR
2026-07-03T20:58:40.157+05:30  WARN 1336 --- [repo-analyzer] [restartedMain] JpaBaseConfiguration$JpaWebConfiguration : spring.jpa.open-in-view is enabled by default. Therefore, database queries may be performed during view rendering. Explicitly configure spring.jpa.open-in-view to disable this warning
2026-07-03T20:58:41.246+05:30  INFO 1336 --- [repo-analyzer] [restartedMain] o.s.b.a.e.web.EndpointLinksResolver      : Exposing 1 endpoint beneath base path '/actuator'
2026-07-03T20:58:41.352+05:30  INFO 1336 --- [repo-analyzer] [restartedMain] o.s.boot.tomcat.TomcatWebServer          : Tomcat started on port 8080 (http) with context path '/'
2026-07-03T20:58:41.382+05:30  INFO 1336 --- [repo-analyzer] [restartedMain] c.h.r.RepoAnalyzerApplication            : Started RepoAnalyzerApplication in 9.075 seconds (process running for 2033.266)
2026-07-03T20:58:41.388+05:30  WARN 1336 --- [repo-analyzer] [restartedMain] o.s.core.events.SpringDocAppInitializer  : SpringDoc /v3/api-docs endpoint is enabled by default. To disable it in production, set the property 'springdoc.api-docs.enabled=false'
2026-07-03T20:58:41.391+05:30  WARN 1336 --- [repo-analyzer] [restartedMain] o.s.core.events.SpringDocAppInitializer  : SpringDoc /swagger-ui.html endpoint is enabled by default. To disable it in production, set the property 'springdoc.swagger-ui.enabled=false'
2026-07-03T20:58:41.400+05:30  INFO 1336 --- [repo-analyzer] [restartedMain] .ConditionEvaluationDeltaLoggingListener : Condition evaluation unchanged
